This is pdfTeX, Version 3.141592653-2.6-1.40.28 (MiKTeX 25.12) (preloaded format=pdflatex 2026.5.14)  21 JUN 2026 18:48
entering extended mode
 restricted \write18 enabled.
 %&-line parsing enabled.
**./informe.tex
(informe.tex
LaTeX2e <2025-11-01>
L3 programming layer <2025-12-24>
(C:\Users\agusb\AppData\Local\Programs\MiKTeX\tex/latex/base\article.cls
Document Class: article 2025/01/22 v1.4n Standard LaTeX document class
(C:\Users\agusb\AppData\Local\Programs\MiKTeX\tex/latex/base\size10.clo
File: size10.clo 2025/01/22 v1.4n Standard LaTeX file (size option)
)
\c@part=\count275
\c@section=\count276
\c@subsection=\count277
\c@subsubsection=\count278
\c@paragraph=\count279
\c@subparagraph=\count280
\c@figure=\count281
\c@table=\count282
\abovecaptionskip=\skip49
\belowcaptionskip=\skip50
\bibindent=\dimen148
)
(C:\Users\agusb\AppData\Local\Programs\MiKTeX\tex/latex/base\inputenc.sty
Package: inputenc 2024/02/08 v1.3d Input encoding file
\inpenc@prehook=\toks17
\inpenc@posthook=\toks18
)
(C:\Users\agusb\AppData\Local\Programs\MiKTeX\tex/generic/babel\babel.sty
Package: babel 2025/12/11 v25.17 The multilingual framework for LuaLaTeX, pdfLa
TeX and XeLaTeX
\babel@savecnt=\count283
LaTeX Encoding Info:    Redeclaring text command \ij (encoding OT1) on input li
ne 2068.
LaTeX Encoding Info:    Redeclaring text command \IJ (encoding OT1) on input li
ne 2070.
LaTeX Encoding Info:    Redeclaring text command \ij (encoding T1) on input lin
e 2072.
LaTeX Encoding Info:    Redeclaring text command \IJ (encoding T1) on input lin
e 2073.
LaTeX Encoding Info:    Ignoring declaration for text command \ij (encoding ?) 
on input line 2074.
LaTeX Encoding Info:    Ignoring declaration for text command \IJ (encoding ?) 
on input line 2076.
LaTeX Encoding Info:    Ignoring declaration for text command \SS (encoding ?) 
on input line 2101.
\U@D=\dimen149
\l@unhyphenated=\language79

(C:\Users\agusb\AppData\Local\Programs\MiKTeX\tex/generic/babel\txtbabel.def)
\bbl@readstream=\read2
\bbl@dirlevel=\count284
Package babel Info: Configuration files are deprecated, as
(babel)             they can break document portability.
(babel)             Reported on input line 4196.

*************************************
* Local config file bblopts.cfg used
*
(C:\Users\agusb\AppData\Local\Programs\MiKTeX\tex/latex/arabi\bblopts.cfg
File: bblopts.cfg 2005/09/08 v0.1 add Arabic and Farsi to "declared" options of
 babel
)
(C:\Users\agusb\AppData\Local\Programs\MiKTeX\tex/generic/babel/locale/es\babel
-spanish.tex)
Package babel Info: Importing font and identification data for spanish
(babel)             from babel-es.ini. Reported on input line 4320.

(C:\Users\agusb\AppData\Local\Programs\MiKTeX\tex/latex/babel-spanish\spanish.l
df
Language: spanish.ldf 2021/05/27 v5.0q Spanish support from the babel system
\es@quottoks=\toks19
\es@quotdepth=\count285
Package babel Info: Making " an active character on input line 570.
Package babel Info: Making . an active character on input line 675.
Package babel Info: Making < an active character on input line 722.
Package babel Info: Making > an active character on input line 722.
))
LaTeX Encoding Info:    Redeclaring text command \guillemotleft (encoding OT1) 
on input line 4.
LaTeX Encoding Info:    Redeclaring text command \guillemotright (encoding OT1)
 on input line 4.

(C:\Users\agusb\AppData\Local\Programs\MiKTeX\tex/latex/geometry\geometry.sty
Package: geometry 2026/03/07 v6.0 Page Geometry

(C:\Users\agusb\AppData\Local\Programs\MiKTeX\tex/latex/graphics\keyval.sty
Package: keyval 2022/05/29 v1.15 key=value parser (DPC)
\KV@toks@=\toks20
)
(C:\Users\agusb\AppData\Local\Programs\MiKTeX\tex/generic/iftex\ifvtex.sty
Package: ifvtex 2019/10/25 v1.7 ifvtex legacy package. Use iftex instead.

(C:\Users\agusb\AppData\Local\Programs\MiKTeX\tex/generic/iftex\iftex.sty
Package: iftex 2024/12/12 v1.0g TeX engine tests
))
\Gm@cnth=\count286
\Gm@cntv=\count287
\c@Gm@tempcnt=\count288
\Gm@bindingoffset=\dimen150
\Gm@wd@mp=\dimen151
\Gm@odd@mp=\dimen152
\Gm@even@mp=\dimen153
\Gm@layoutwidth=\dimen154
\Gm@layoutheight=\dimen155
\Gm@layouthoffset=\dimen156
\Gm@layoutvoffset=\dimen157
\Gm@dimlist=\toks21

(C:\Users\agusb\AppData\Local\Programs\MiKTeX\tex/latex/geometry\geometry.cfg))
(C:\Users\agusb\AppData\Local\Programs\MiKTeX\tex/latex/amsmath\amsmath.sty
Package: amsmath 2025/07/09 v2.17z AMS math features
\@mathmargin=\skip51

For additional information on amsmath, use the `?' option.
(C:\Users\agusb\AppData\Local\Programs\MiKTeX\tex/latex/amsmath\amstext.sty
Package: amstext 2024/11/17 v2.01 AMS text

(C:\Users\agusb\AppData\Local\Programs\MiKTeX\tex/latex/amsmath\amsgen.sty
File: amsgen.sty 1999/11/30 v2.0 generic functions
\@emptytoks=\toks22
\ex@=\dimen158
))
(C:\Users\agusb\AppData\Local\Programs\MiKTeX\tex/latex/amsmath\amsbsy.sty
Package: amsbsy 1999/11/29 v1.2d Bold Symbols
\pmbraise@=\dimen159
)
(C:\Users\agusb\AppData\Local\Programs\MiKTeX\tex/latex/amsmath\amsopn.sty
Package: amsopn 2022/04/08 v2.04 operator names
)
\inf@bad=\count289
LaTeX Info: Redefining \frac on input line 233.
\uproot@=\count290
\leftroot@=\count291
LaTeX Info: Redefining \overline on input line 398.
LaTeX Info: Redefining \colon on input line 409.
\classnum@=\count292
\DOTSCASE@=\count293
LaTeX Info: Redefining \ldots on input line 495.
LaTeX Info: Redefining \dots on input line 498.
LaTeX Info: Redefining \cdots on input line 619.
\Mathstrutbox@=\box53
\strutbox@=\box54
LaTeX Info: Redefining \big on input line 721.
LaTeX Info: Redefining \Big on input line 722.
LaTeX Info: Redefining \bigg on input line 723.
LaTeX Info: Redefining \Bigg on input line 724.
\big@size=\dimen160
LaTeX Font Info:    Redeclaring font encoding OML on input line 742.
LaTeX Font Info:    Redeclaring font encoding OMS on input line 743.
\macc@depth=\count294
LaTeX Info: Redefining \bmod on input line 904.
LaTeX Info: Redefining \pmod on input line 909.
LaTeX Info: Redefining \smash on input line 939.
LaTeX Info: Redefining \relbar on input line 969.
LaTeX Info: Redefining \Relbar on input line 970.
\c@MaxMatrixCols=\count295
\dotsspace@=\muskip17
\c@parentequation=\count296
\dspbrk@lvl=\count297
\tag@help=\toks23
\row@=\count298
\column@=\count299
\maxfields@=\count300
\andhelp@=\toks24
\eqnshift@=\dimen161
\alignsep@=\dimen162
\tagshift@=\dimen163
\tagwidth@=\dimen164
\totwidth@=\dimen165
\lineht@=\dimen166
\@envbody=\toks25
\multlinegap=\skip52
\multlinetaggap=\skip53
\mathdisplay@stack=\toks26
LaTeX Info: Redefining \[ on input line 2950.
LaTeX Info: Redefining \] on input line 2951.
)
(C:\Users\agusb\AppData\Local\Programs\MiKTeX\tex/latex/graphics\graphicx.sty
Package: graphicx 2024/12/31 v1.2e Enhanced LaTeX Graphics (DPC,SPQR)

(C:\Users\agusb\AppData\Local\Programs\MiKTeX\tex/latex/graphics\graphics.sty
Package: graphics 2024/08/06 v1.4g Standard LaTeX Graphics (DPC,SPQR)

(C:\Users\agusb\AppData\Local\Programs\MiKTeX\tex/latex/graphics\trig.sty
Package: trig 2023/12/02 v1.11 sin cos tan (DPC)
)
(C:\Users\agusb\AppData\Local\Programs\MiKTeX\tex/latex/graphics-cfg\graphics.c
fg
File: graphics.cfg 2016/06/04 v1.11 sample graphics configuration
)
Package graphics Info: Driver file: pdftex.def on input line 106.

(C:\Users\agusb\AppData\Local\Programs\MiKTeX\tex/latex/graphics-def\pdftex.def
File: pdftex.def 2025/09/29 v1.2d Graphics/color driver for pdftex
))
\Gin@req@height=\dimen167
\Gin@req@width=\dimen168
)
(C:\Users\agusb\AppData\Local\Programs\MiKTeX\tex/latex/amsfonts\amssymb.sty
Package: amssymb 2013/01/14 v3.01 AMS font symbols

(C:\Users\agusb\AppData\Local\Programs\MiKTeX\tex/latex/amsfonts\amsfonts.sty
Package: amsfonts 2013/01/14 v3.01 Basic AMSFonts support
\symAMSa=\mathgroup4
\symAMSb=\mathgroup5
LaTeX Font Info:    Redeclaring math symbol \hbar on input line 98.
LaTeX Font Info:    Overwriting math alphabet `\mathfrak' in version `bold'
(Font)                  U/euf/m/n --> U/euf/b/n on input line 106.
)) (C:\Users\agusb\AppData\Local\Programs\MiKTeX\tex/latex/booktabs\booktabs.st
y
Package: booktabs 2020/01/12 v1.61803398 Publication quality tables
\heavyrulewidth=\dimen169
\lightrulewidth=\dimen170
\cmidrulewidth=\dimen171
\belowrulesep=\dimen172
\belowbottomsep=\dimen173
\aboverulesep=\dimen174
\abovetopsep=\dimen175
\cmidrulesep=\dimen176
\cmidrulekern=\dimen177
\defaultaddspace=\dimen178
\@cmidla=\count301
\@cmidlb=\count302
\@aboverulesep=\dimen179
\@belowrulesep=\dimen180
\@thisruleclass=\count303
\@lastruleclass=\count304
\@thisrulewidth=\dimen181
) (C:\Users\agusb\AppData\Local\Programs\MiKTeX\tex/latex/hyperref\hyperref.sty
Package: hyperref 2025-07-12 v7.01o Hypertext links for LaTeX

(C:\Users\agusb\AppData\Local\Programs\MiKTeX\tex/latex/kvsetkeys\kvsetkeys.sty
Package: kvsetkeys 2022-10-05 v1.19 Key value parser (HO)
)
(C:\Users\agusb\AppData\Local\Programs\MiKTeX\tex/generic/kvdefinekeys\kvdefine
keys.sty
Package: kvdefinekeys 2019-12-19 v1.6 Define keys (HO)
)
(C:\Users\agusb\AppData\Local\Programs\MiKTeX\tex/generic/pdfescape\pdfescape.s
ty
Package: pdfescape 2019/12/09 v1.15 Implements pdfTeX's escape features (HO)

(C:\Users\agusb\AppData\Local\Programs\MiKTeX\tex/generic/ltxcmds\ltxcmds.sty
Package: ltxcmds 2023-12-04 v1.26 LaTeX kernel commands for general use (HO)
)
(C:\Users\agusb\AppData\Local\Programs\MiKTeX\tex/generic/pdftexcmds\pdftexcmds
.sty
Package: pdftexcmds 2020-06-27 v0.33 Utility functions of pdfTeX for LuaTeX (HO
)

(C:\Users\agusb\AppData\Local\Programs\MiKTeX\tex/generic/infwarerr\infwarerr.s
ty
Package: infwarerr 2019/12/03 v1.5 Providing info/warning/error messages (HO)
)
Package pdftexcmds Info: \pdf@primitive is available.
Package pdftexcmds Info: \pdf@ifprimitive is available.
Package pdftexcmds Info: \pdfdraftmode found.
))
(C:\Users\agusb\AppData\Local\Programs\MiKTeX\tex/latex/hycolor\hycolor.sty
Package: hycolor 2020-01-27 v1.10 Color options for hyperref/bookmark (HO)
)
(C:\Users\agusb\AppData\Local\Programs\MiKTeX\tex/latex/hyperref\nameref.sty
Package: nameref 2025-06-21 v2.57 Cross-referencing by name of section

(C:\Users\agusb\AppData\Local\Programs\MiKTeX\tex/latex/refcount\refcount.sty
Package: refcount 2019/12/15 v3.6 Data extraction from label references (HO)
)
(C:\Users\agusb\AppData\Local\Programs\MiKTeX\tex/generic/gettitlestring\gettit
lestring.sty
Package: gettitlestring 2019/12/15 v1.6 Cleanup title references (HO)

(C:\Users\agusb\AppData\Local\Programs\MiKTeX\tex/latex/kvoptions\kvoptions.sty
Package: kvoptions 2022-06-15 v3.15 Key value format for package options (HO)
))
\c@section@level=\count305
)
(C:\Users\agusb\AppData\Local\Programs\MiKTeX\tex/latex/etoolbox\etoolbox.sty
Package: etoolbox 2025/10/02 v2.5m e-TeX tools for LaTeX (JAW)
\etb@tempcnta=\count306
)
(C:\Users\agusb\AppData\Local\Programs\MiKTeX\tex/generic/stringenc\stringenc.s
ty
Package: stringenc 2019/11/29 v1.12 Convert strings between diff. encodings (HO
)
)
\@linkdim=\dimen182
\Hy@linkcounter=\count307
\Hy@pagecounter=\count308
 (C:\Users\agusb\AppData\Local\Programs\MiKTeX\tex/latex/hyperref\pd1enc.def
File: pd1enc.def 2025-07-12 v7.01o Hyperref: PDFDocEncoding definition (HO)
Now handling font encoding PD1 ...
... no UTF-8 mapping file for font encoding PD1
) (C:\Users\agusb\AppData\Local\Programs\MiKTeX\tex/generic/intcalc\intcalc.sty
Package: intcalc 2019/12/15 v1.3 Expandable calculations with integers (HO)
)
\Hy@SavedSpaceFactor=\count309
 (C:\Users\agusb\AppData\Local\Programs\MiKTeX\tex/latex/hyperref\puenc.def
File: puenc.def 2025-07-12 v7.01o Hyperref: PDF Unicode definition (HO)
Now handling font encoding PU ...
... no UTF-8 mapping file for font encoding PU
)
Package hyperref Info: Hyper figures OFF on input line 4195.
Package hyperref Info: Link nesting OFF on input line 4200.
Package hyperref Info: Hyper index ON on input line 4203.
Package hyperref Info: Plain pages OFF on input line 4210.
Package hyperref Info: Backreferencing OFF on input line 4215.
Package hyperref Info: Implicit mode ON; LaTeX internals redefined.
Package hyperref Info: Bookmarks ON on input line 4462.
\c@Hy@tempcnt=\count310

(C:\Users\agusb\AppData\Local\Programs\MiKTeX\tex/latex/url\url.sty
\Urlmuskip=\muskip18
Package: url 2013/09/16  ver 3.4  Verb mode for urls, etc.
)
LaTeX Info: Redefining \url on input line 4801.
\XeTeXLinkMargin=\dimen183

(C:\Users\agusb\AppData\Local\Programs\MiKTeX\tex/generic/bitset\bitset.sty
Package: bitset 2019/12/09 v1.3 Handle bit-vector datatype (HO)

(C:\Users\agusb\AppData\Local\Programs\MiKTeX\tex/generic/bigintcalc\bigintcalc
.sty
Package: bigintcalc 2019/12/15 v1.5 Expandable calculations on big integers (HO
)
))
\Fld@menulength=\count311
\Field@Width=\dimen184
\Fld@charsize=\dimen185
Package hyperref Info: Hyper figures OFF on input line 6078.
Package hyperref Info: Link nesting OFF on input line 6083.
Package hyperref Info: Hyper index ON on input line 6086.
Package hyperref Info: backreferencing OFF on input line 6093.
Package hyperref Info: Link coloring OFF on input line 6098.
Package hyperref Info: Link coloring with OCG OFF on input line 6103.
Package hyperref Info: PDF/A mode OFF on input line 6108.
\Hy@abspage=\count312
\c@Item=\count313
\c@Hfootnote=\count314
)
Package hyperref Info: Driver (autodetected): hpdftex.

(C:\Users\agusb\AppData\Local\Programs\MiKTeX\tex/latex/hyperref\hpdftex.def
File: hpdftex.def 2025-07-12 v7.01o Hyperref driver for pdfTeX
\Fld@listcount=\count315
\c@bookmark@seq@number=\count316

(C:\Users\agusb\AppData\Local\Programs\MiKTeX\tex/latex/rerunfilecheck\rerunfil
echeck.sty
Package: rerunfilecheck 2025-06-21 v1.11 Rerun checks for auxiliary files (HO)

(C:\Users\agusb\AppData\Local\Programs\MiKTeX\tex/generic/uniquecounter\uniquec
ounter.sty
Package: uniquecounter 2019/12/15 v1.4 Provide unlimited unique counter (HO)
)
Package uniquecounter Info: New unique counter `rerunfilecheck' on input line 2
84.
)
\Hy@SectionHShift=\skip54
)
(C:\Users\agusb\AppData\Local\Programs\MiKTeX\tex/latex/tools\longtable.sty
Package: longtable 2025-10-13 v4.24 Multi-page Table package (DPC)
\LTleft=\skip55
\LTright=\skip56
\LTpre=\skip57
\LTpost=\skip58
\LTchunksize=\count317
\LTcapwidth=\dimen186
\LT@head=\box55
\LT@firsthead=\box56
\LT@foot=\box57
\LT@lastfoot=\box58
\LT@gbox=\box59
\LT@cols=\count318
\LT@rows=\count319
\c@LT@tables=\count320
\c@LT@chunks=\count321
\LT@p@ftn=\toks27
)
(C:\Users\agusb\AppData\Local\Programs\MiKTeX\tex/latex/caption\subcaption.sty
Package: subcaption 2023/07/28 v1.6b Sub-captions (AR)

(C:\Users\agusb\AppData\Local\Programs\MiKTeX\tex/latex/caption\caption.sty
Package: caption 2023/08/05 v3.6o Customizing captions (AR)

(C:\Users\agusb\AppData\Local\Programs\MiKTeX\tex/latex/caption\caption3.sty
Package: caption3 2023/07/31 v2.4d caption3 kernel (AR)
\caption@tempdima=\dimen187
\captionmargin=\dimen188
\caption@leftmargin=\dimen189
\caption@rightmargin=\dimen190
\caption@width=\dimen191
\caption@indent=\dimen192
\caption@parindent=\dimen193
\caption@hangindent=\dimen194
Package caption Info: Standard document class detected.
)
\c@caption@flags=\count322
\c@continuedfloat=\count323
Package caption Info: hyperref package is loaded.
Package caption Info: longtable package is loaded.

(C:\Users\agusb\AppData\Local\Programs\MiKTeX\tex/latex/caption\ltcaption.sty
Package: ltcaption 2021/01/08 v1.4c longtable captions (AR)
))
Package caption Info: New subtype `subfigure' on input line 238.
\c@subfigure=\count324
Package caption Info: New subtype `subtable' on input line 238.
\c@subtable=\count325
) (C:\Users\agusb\AppData\Local\Programs\MiKTeX\tex/latex/float\float.sty
Package: float 2001/11/08 v1.3d Float enhancements (AL)
\c@float@type=\count326
\float@exts=\toks28
\float@box=\box60
\@float@everytoks=\toks29
\@floatcapt=\box61
)
(C:\Users\agusb\AppData\Local\Programs\MiKTeX\tex/latex/l3backend\l3backend-pdf
tex.def
File: l3backend-pdftex.def 2025-10-09 L3 backend support: PDF output (pdfTeX)
\l__color_backend_stack_int=\count327
) (informe.aux
LaTeX Info: Redefining \. on input line 11.
LaTeX Info: Redefining \% on input line 11.
Package babel Info: 'spanish' activates 'spanish' shorthands.
(babel)             Reported on input line 11.
)
\openout1 = `informe.aux'.

LaTeX Font Info:    Checking defaults for OML/cmm/m/it on input line 19.
LaTeX Font Info:    ... okay on input line 19.
LaTeX Font Info:    Checking defaults for OMS/cmsy/m/n on input line 19.
LaTeX Font Info:    ... okay on input line 19.
LaTeX Font Info:    Checking defaults for OT1/cmr/m/n on input line 19.
LaTeX Font Info:    ... okay on input line 19.
LaTeX Font Info:    Checking defaults for T1/cmr/m/n on input line 19.
LaTeX Font Info:    ... okay on input line 19.
LaTeX Font Info:    Checking defaults for TS1/cmr/m/n on input line 19.
LaTeX Font Info:    ... okay on input line 19.
LaTeX Font Info:    Checking defaults for OMX/cmex/m/n on input line 19.
LaTeX Font Info:    ... okay on input line 19.
LaTeX Font Info:    Checking defaults for U/cmr/m/n on input line 19.
LaTeX Font Info:    ... okay on input line 19.
LaTeX Font Info:    Checking defaults for PD1/pdf/m/n on input line 19.
LaTeX Font Info:    ... okay on input line 19.
LaTeX Font Info:    Checking defaults for PU/pdf/m/n on input line 19.
LaTeX Font Info:    ... okay on input line 19.
LaTeX Info: Redefining \. on input line 19.
LaTeX Info: Redefining \% on input line 19.

*geometry* driver: auto-detecting
*geometry* detected driver: pdftex
*geometry* verbose mode - [ preamble ] result:
* driver: pdftex
* paper: <default>
* layout: <same size as paper>
* layoutoffset:(h,v)=(0.0pt,0.0pt)
* modes: 
* h-part:(L,W,R)=(56.9055pt, 500.484pt, 56.9055pt)
* v-part:(T,H,B)=(56.9055pt, 681.15898pt, 56.9055pt)
* \paperwidth=614.295pt
* \paperheight=794.96999pt
* \textwidth=500.484pt
* \textheight=681.15898pt
* \oddsidemargin=-15.36449pt
* \evensidemargin=-15.36449pt
* \topmargin=-52.36449pt
* \headheight=12.0pt
* \headsep=25.0pt
* \topskip=10.0pt
* \footskip=30.0pt
* \marginparwidth=65.0pt
* \marginparsep=11.0pt
* \columnsep=10.0pt
* \skip\footins=9.0pt plus 4.0pt minus 2.0pt
* \hoffset=0.0pt
* \voffset=0.0pt
* \mag=1000
* \@twocolumnfalse
* \@twosidefalse
* \@mparswitchfalse
* \@reversemarginfalse
* (1in=72.27pt=25.4mm, 1cm=28.453pt)


(C:\Users\agusb\AppData\Local\Programs\MiKTeX\tex/context/base/mkii\supp-pdf.mk
ii
[Loading MPS to PDF converter (version 2006.09.02).]
\scratchcounter=\count328
\scratchdimen=\dimen195
\scratchbox=\box62
\nofMPsegments=\count329
\nofMParguments=\count330
\everyMPshowfont=\toks30
\MPscratchCnt=\count331
\MPscratchDim=\dimen196
\MPnumerator=\count332
\makeMPintoPDFobject=\count333
\everyMPtoPDFconversion=\toks31
)
(C:\Users\agusb\AppData\Local\Programs\MiKTeX\tex/latex/epstopdf-pkg\epstopdf-b
ase.sty
Package: epstopdf-base 2020-01-24 v2.11 Base part for package epstopdf
Package epstopdf-base Info: Redefining graphics rule for `.eps' on input line 4
85.

(C:\Users\agusb\AppData\Local\Programs\MiKTeX\tex/latex/00miktex\epstopdf-sys.c
fg
File: epstopdf-sys.cfg 2021/03/18 v2.0 Configuration of epstopdf for MiKTeX
))
Package hyperref Info: Link coloring OFF on input line 19.
 (informe.out) (informe.out)
\@outlinefile=\write3
\openout3 = `informe.out'.

Package caption Info: Begin \AtBeginDocument code.
Package caption Info: float package is loaded.
Package caption Info: End \AtBeginDocument code.
LaTeX Font Info:    Trying to load font information for U+msa on input line 22.


(C:\Users\agusb\AppData\Local\Programs\MiKTeX\tex/latex/amsfonts\umsa.fd
File: umsa.fd 2013/01/14 v3.01 AMS symbols A
)
LaTeX Font Info:    Trying to load font information for U+msb on input line 22.


(C:\Users\agusb\AppData\Local\Programs\MiKTeX\tex/latex/amsfonts\umsb.fd
File: umsb.fd 2013/01/14 v3.01 AMS symbols B
)
[1

{C:/Users/agusb/AppData/Local/MiKTeX/fonts/map/pdftex/pdftex.map}] [2]
[3]
<Nodos_reticulado_p1.png, id=166, 722.7pt x 433.62pt>
File: Nodos_reticulado_p1.png Graphic file (type png)
<use Nodos_reticulado_p1.png>
Package pdftex.def Info: Nodos_reticulado_p1.png  used on input line 132.
(pdftex.def)             Requested size: 300.29344pt x 180.1739pt.
<Fuerzas_reticulado_p1.png, id=168, 722.7pt x 433.62pt>
File: Fuerzas_reticulado_p1.png Graphic file (type png)
<use Fuerzas_reticulado_p1.png>
Package pdftex.def Info: Fuerzas_reticulado_p1.png  used on input line 192.
(pdftex.def)             Requested size: 300.29344pt x 180.1739pt.
 [4 <./Nodos_reticulado_p1.png>]
<Nodos_reticulado_p2.png, id=177, 722.7pt x 433.62pt>
File: Nodos_reticulado_p2.png Graphic file (type png)
<use Nodos_reticulado_p2.png>
Package pdftex.def Info: Nodos_reticulado_p2.png  used on input line 202.
(pdftex.def)             Requested size: 300.29344pt x 180.1739pt.
<Fuerzas_reticulado_p2.png, id=178, 722.7pt x 433.62pt>
File: Fuerzas_reticulado_p2.png Graphic file (type png)
<use Fuerzas_reticulado_p2.png>
Package pdftex.def Info: Fuerzas_reticulado_p2.png  used on input line 296.
(pdftex.def)             Requested size: 300.29344pt x 180.1739pt.
 [5 <./Fuerzas_reticulado_p1.png> <./Nodos_reticulado_p2.png>] [6]
<Nodos_reticulado_p3.png, id=194, 462.528pt x 346.896pt>
File: Nodos_reticulado_p3.png Graphic file (type png)
<use Nodos_reticulado_p3.png>
Package pdftex.def Info: Nodos_reticulado_p3.png  used on input line 307.
(pdftex.def)             Requested size: 300.29344pt x 225.23094pt.
<Fuerzas_reticulado_p3.png, id=195, 462.528pt x 346.896pt>
File: Fuerzas_reticulado_p3.png Graphic file (type png)
<use Fuerzas_reticulado_p3.png>
Package pdftex.def Info: Fuerzas_reticulado_p3.png  used on input line 366.
(pdftex.def)             Requested size: 300.29344pt x 225.23094pt.
 [7 <./Fuerzas_reticulado_p2.png> <./Nodos_reticulado_p3.png>] [8 <./Fuerzas_re
ticulado_p3.png>]
<Nodos_reticulado_p4.png, id=215, 462.528pt x 346.896pt>
File: Nodos_reticulado_p4.png Graphic file (type png)
<use Nodos_reticulado_p4.png>
Package pdftex.def Info: Nodos_reticulado_p4.png  used on input line 377.
(pdftex.def)             Requested size: 300.29344pt x 225.23094pt.

ignored error: Infinite glue shrinkage found in box being split [9 <./Nodos_ret
iculado_p4.png>]
ignored error: Infinite glue shrinkage found in box being split [10] [11]
<Fuerzas_reticulado_p4.png, id=234, 462.528pt x 346.896pt>
File: Fuerzas_reticulado_p4.png Graphic file (type png)
<use Fuerzas_reticulado_p4.png>
Package pdftex.def Info: Fuerzas_reticulado_p4.png  used on input line 554.
(pdftex.def)             Requested size: 300.29344pt x 225.23094pt.
<Nodos_reticulado_p5.png, id=235, 722.7pt x 433.62pt>
File: Nodos_reticulado_p5.png Graphic file (type png)
<use Nodos_reticulado_p5.png>
Package pdftex.def Info: Nodos_reticulado_p5.png  used on input line 563.
(pdftex.def)             Requested size: 300.29344pt x 180.1739pt.

[12 <./Fuerzas_reticulado_p4.png> <./Nodos_reticulado_p5.png>]
ignored error: Infinite glue shrinkage found in box being split [13]
<Fuerzas_reticulado_p5_pos1.png, id=252, 722.7pt x 433.62pt>
File: Fuerzas_reticulado_p5_pos1.png Graphic file (type png)
<use Fuerzas_reticulado_p5_pos1.png>
Package pdftex.def Info: Fuerzas_reticulado_p5_pos1.png  used on input line 673
.
(pdftex.def)             Requested size: 240.23016pt x 142.68172pt.
<Fuerzas_reticulado_p5_pos2.png, id=254, 722.7pt x 433.62pt>
File: Fuerzas_reticulado_p5_pos2.png Graphic file (type png)
<use Fuerzas_reticulado_p5_pos2.png>
Package pdftex.def Info: Fuerzas_reticulado_p5_pos2.png  used on input line 680
.
(pdftex.def)             Requested size: 240.23016pt x 142.68172pt.
<Fuerzas_reticulado_p5_pos3.png, id=256, 722.7pt x 433.62pt>
File: Fuerzas_reticulado_p5_pos3.png Graphic file (type png)
<use Fuerzas_reticulado_p5_pos3.png>
Package pdftex.def Info: Fuerzas_reticulado_p5_pos3.png  used on input line 691
.
(pdftex.def)             Requested size: 240.23016pt x 142.68172pt.
<Fuerzas_reticulado_p5_pos4.png, id=258, 722.7pt x 433.62pt>
File: Fuerzas_reticulado_p5_pos4.png Graphic file (type png)
<use Fuerzas_reticulado_p5_pos4.png>
Package pdftex.def Info: Fuerzas_reticulado_p5_pos4.png  used on input line 698
.
(pdftex.def)             Requested size: 240.23016pt x 142.68172pt.
<Fuerzas_reticulado_p5_pos5.png, id=260, 722.7pt x 433.62pt>
File: Fuerzas_reticulado_p5_pos5.png Graphic file (type png)
<use Fuerzas_reticulado_p5_pos5.png>
Package pdftex.def Info: Fuerzas_reticulado_p5_pos5.png  used on input line 713
.
(pdftex.def)             Requested size: 240.23016pt x 142.68172pt.
<Fuerzas_reticulado_p5_pos6.png, id=262, 722.7pt x 433.62pt>
File: Fuerzas_reticulado_p5_pos6.png Graphic file (type png)
<use Fuerzas_reticulado_p5_pos6.png>
Package pdftex.def Info: Fuerzas_reticulado_p5_pos6.png  used on input line 720
.
(pdftex.def)             Requested size: 240.23016pt x 142.68172pt.
<Fuerzas_reticulado_p5_pos7.png, id=264, 722.7pt x 433.62pt>
File: Fuerzas_reticulado_p5_pos7.png Graphic file (type png)
<use Fuerzas_reticulado_p5_pos7.png>
Package pdftex.def Info: Fuerzas_reticulado_p5_pos7.png  used on input line 730
.
(pdftex.def)             Requested size: 240.23016pt x 142.68172pt.
<Fuerzas_reticulado_p5_pos8.png, id=266, 722.7pt x 433.62pt>
File: Fuerzas_reticulado_p5_pos8.png Graphic file (type png)
<use Fuerzas_reticulado_p5_pos8.png>
Package pdftex.def Info: Fuerzas_reticulado_p5_pos8.png  used on input line 737
.
(pdftex.def)             Requested size: 240.23016pt x 142.68172pt.
<Fuerzas_reticulado_p5_pos9.png, id=268, 722.7pt x 433.62pt>
File: Fuerzas_reticulado_p5_pos9.png Graphic file (type png)
<use Fuerzas_reticulado_p5_pos9.png>
Package pdftex.def Info: Fuerzas_reticulado_p5_pos9.png  used on input line 752
.
(pdftex.def)             Requested size: 240.23016pt x 142.68172pt.
<Fuerzas_reticulado_p5_pos10.png, id=270, 722.7pt x 433.62pt>
File: Fuerzas_reticulado_p5_pos10.png Graphic file (type png)
<use Fuerzas_reticulado_p5_pos10.png>
Package pdftex.def Info: Fuerzas_reticulado_p5_pos10.png  used on input line 75
9.
(pdftex.def)             Requested size: 240.23016pt x 142.68172pt.
<Fuerzas_reticulado_p5_pos11.png, id=272, 722.7pt x 433.62pt>
File: Fuerzas_reticulado_p5_pos11.png Graphic file (type png)
<use Fuerzas_reticulado_p5_pos11.png>
Package pdftex.def Info: Fuerzas_reticulado_p5_pos11.png  used on input line 76
9.
(pdftex.def)             Requested size: 240.23016pt x 142.68172pt.
<Fuerzas_reticulado_p5_pos12.png, id=274, 722.7pt x 433.62pt>
File: Fuerzas_reticulado_p5_pos12.png Graphic file (type png)
<use Fuerzas_reticulado_p5_pos12.png>
Package pdftex.def Info: Fuerzas_reticulado_p5_pos12.png  used on input line 77
6.
(pdftex.def)             Requested size: 240.23016pt x 142.68172pt.
 [14 <./Fuerzas_reticulado_p5_pos1.png> <./Fuerzas_reticulado_p5_pos2.png> <./F
uerzas_reticulado_p5_pos3.png> <./Fuerzas_reticulado_p5_pos4.png>]
<Fuerzas_reticulado_p5_pos13.png, id=291, 722.7pt x 433.62pt>
File: Fuerzas_reticulado_p5_pos13.png Graphic file (type png)
<use Fuerzas_reticulado_p5_pos13.png>
Package pdftex.def Info: Fuerzas_reticulado_p5_pos13.png  used on input line 79
0.
(pdftex.def)             Requested size: 240.23016pt x 142.68172pt.
<Fuerzas_reticulado_p5_pos14.png, id=293, 722.7pt x 433.62pt>
File: Fuerzas_reticulado_p5_pos14.png Graphic file (type png)
<use Fuerzas_reticulado_p5_pos14.png>
Package pdftex.def Info: Fuerzas_reticulado_p5_pos14.png  used on input line 79
7.
(pdftex.def)             Requested size: 240.23016pt x 142.68172pt.
<Fuerzas_reticulado_p5_pos15.png, id=295, 722.7pt x 433.62pt>
File: Fuerzas_reticulado_p5_pos15.png Graphic file (type png)
<use Fuerzas_reticulado_p5_pos15.png>
Package pdftex.def Info: Fuerzas_reticulado_p5_pos15.png  used on input line 80
7.
(pdftex.def)             Requested size: 240.23016pt x 142.68172pt.
<Fuerzas_reticulado_p5_pos16.png, id=297, 722.7pt x 433.62pt>
File: Fuerzas_reticulado_p5_pos16.png Graphic file (type png)
<use Fuerzas_reticulado_p5_pos16.png>
Package pdftex.def Info: Fuerzas_reticulado_p5_pos16.png  used on input line 81
4.
(pdftex.def)             Requested size: 240.23016pt x 142.68172pt.
 [15 <./Fuerzas_reticulado_p5_pos5.png> <./Fuerzas_reticulado_p5_pos6.png> <./F
uerzas_reticulado_p5_pos7.png> <./Fuerzas_reticulado_p5_pos8.png>]
<Fuerzas_reticulado_p5_pos17.png, id=312, 722.7pt x 433.62pt>
File: Fuerzas_reticulado_p5_pos17.png Graphic file (type png)
<use Fuerzas_reticulado_p5_pos17.png>
Package pdftex.def Info: Fuerzas_reticulado_p5_pos17.png  used on input line 82
9.
(pdftex.def)             Requested size: 240.23016pt x 142.68172pt.
<Fuerzas_reticulado_p5_pos18.png, id=314, 722.7pt x 433.62pt>
File: Fuerzas_reticulado_p5_pos18.png Graphic file (type png)
<use Fuerzas_reticulado_p5_pos18.png>
Package pdftex.def Info: Fuerzas_reticulado_p5_pos18.png  used on input line 83
6.
(pdftex.def)             Requested size: 240.23016pt x 142.68172pt.
<Fuerzas_reticulado_p5_pos19.png, id=316, 722.7pt x 433.62pt>
File: Fuerzas_reticulado_p5_pos19.png Graphic file (type png)
<use Fuerzas_reticulado_p5_pos19.png>
Package pdftex.def Info: Fuerzas_reticulado_p5_pos19.png  used on input line 84
7.
(pdftex.def)             Requested size: 240.23016pt x 142.68172pt.
 [16 <./Fuerzas_reticulado_p5_pos9.png> <./Fuerzas_reticulado_p5_pos10.png> <./
Fuerzas_reticulado_p5_pos11.png> <./Fuerzas_reticulado_p5_pos12.png>] [17 <./Fu
erzas_reticulado_p5_pos13.png> <./Fuerzas_reticulado_p5_pos14.png> <./Fuerzas_r
eticulado_p5_pos15.png> <./Fuerzas_reticulado_p5_pos16.png>] [18 <./Fuerzas_ret
iculado_p5_pos17.png> <./Fuerzas_reticulado_p5_pos18.png> <./Fuerzas_reticulado
_p5_pos19.png>] [19] (informe.aux
LaTeX Info: Redefining \. on input line 11.
LaTeX Info: Redefining \% on input line 11.
)
 ***********
LaTeX2e <2025-11-01>
L3 programming layer <2025-12-24>
 ***********
Package rerunfilecheck Info: File `informe.out' has not changed.
(rerunfilecheck)             Checksum: BBBC4EF9041308140A69BBE018513260;5513.
 ) 
Here is how much of TeX's memory you used:
 13724 strings out of 467870
 223151 string characters out of 5418355
 682292 words of memory out of 5000000
 42356 multiletter control sequences out of 15000+600000
 636694 words of font info for 75 fonts, out of 8000000 for 9000
 1141 hyphenation exceptions out of 8191
 75i,9n,79p,593b,634s stack positions out of 10000i,1000n,20000p,200000b,200000s
 <C:\Users\agusb\AppData\Local\MiKTeX\fonts/pk/ljfour/jknappen/ec/dpi600\tcrm
1000.pk><C:/Users/agusb/AppData/Local/Programs/MiKTeX/fonts/type1/public/amsfon
ts/cm/cmbx10.pfb><C:/Users/agusb/AppData/Local/Programs/MiKTeX/fonts/type1/publ
ic/amsfonts/cm/cmbx12.pfb><C:/Users/agusb/AppData/Local/Programs/MiKTeX/fonts/t
ype1/public/amsfonts/cm/cmbx9.pfb><C:/Users/agusb/AppData/Local/Programs/MiKTeX
/fonts/type1/public/amsfonts/cm/cmex10.pfb><C:/Users/agusb/AppData/Local/Progra
ms/MiKTeX/fonts/type1/public/amsfonts/cm/cmmi10.pfb><C:/Users/agusb/AppData/Loc
al/Programs/MiKTeX/fonts/type1/public/amsfonts/cm/cmmi7.pfb><C:/Users/agusb/App
Data/Local/Programs/MiKTeX/fonts/type1/public/amsfonts/cm/cmr10.pfb><C:/Users/a
gusb/AppData/Local/Programs/MiKTeX/fonts/type1/public/amsfonts/cm/cmr12.pfb><C:
/Users/agusb/AppData/Local/Programs/MiKTeX/fonts/type1/public/amsfonts/cm/cmr17
.pfb><C:/Users/agusb/AppData/Local/Programs/MiKTeX/fonts/type1/public/amsfonts/
cm/cmr7.pfb><C:/Users/agusb/AppData/Local/Programs/MiKTeX/fonts/type1/public/am
sfonts/cm/cmr9.pfb><C:/Users/agusb/AppData/Local/Programs/MiKTeX/fonts/type1/pu
blic/amsfonts/cm/cmsy10.pfb><C:/Users/agusb/AppData/Local/Programs/MiKTeX/fonts
/type1/public/amsfonts/cm/cmtt10.pfb><C:/Users/agusb/AppData/Local/Programs/MiK
TeX/fonts/type1/public/amsfonts/symbols/msam10.pfb><C:/Users/agusb/AppData/Loca
l/Programs/MiKTeX/fonts/type1/public/amsfonts/symbols/msbm10.pfb>
Output written on informe.pdf (19 pages, 1173653 bytes).
PDF statistics:
 453 PDF objects out of 1000 (max. 8388607)
 91 named destinations out of 1000 (max. 500000)
 503 words of extra memory for PDF output out of 10000 (max. 10000000)

