\BOOKMARK [1][-]{section.1}{\376\377\000I\000n\000t\000r\000o\000d\000u\000c\000c\000i\000\363\000n\000\040\000y\000\040\000O\000b\000j\000e\000t\000i\000v\000o\000s}{}% 1
\BOOKMARK [1][-]{section.2}{\376\377\000M\000a\000r\000c\000o\000\040\000T\000e\000\363\000r\000i\000c\000o}{}% 2
\BOOKMARK [2][-]{subsection.2.1}{\376\377\000M\000\351\000t\000o\000d\000o\000\040\000m\000a\000t\000r\000i\000c\000i\000a\000l\000\040\000p\000a\000r\000a\000\040\000r\000e\000t\000i\000c\000u\000l\000a\000d\000o\000s\000\040\0002\000D}{section.2}% 3
\BOOKMARK [2][-]{subsection.2.2}{\376\377\000E\000x\000t\000e\000n\000s\000i\000\363\000n\000\040\000p\000a\000r\000a\000\040\000c\000a\000s\000o\000s\000\040\0003\000D}{section.2}% 4
\BOOKMARK [2][-]{subsection.2.3}{\376\377\000D\000i\000s\000e\000\361\000o\000\040\000p\000u\000e\000n\000t\000e\000\040\000-\000\040\000\050\000P\000r\000o\000b\000l\000e\000m\000a\000\040\0003\000\051}{section.2}% 5
\BOOKMARK [3][-]{subsubsection.2.3.1}{\376\377\000S\000e\000l\000e\000c\000c\000i\000\363\000n\000\040\000d\000e\000\040\000f\000o\000r\000m\000a}{subsection.2.3}% 6
\BOOKMARK [3][-]{subsubsection.2.3.2}{\376\377\000D\000i\000v\000i\000s\000i\000\363\000n\000\040\000d\000e\000\040\000t\000r\000a\000m\000o\000s}{subsection.2.3}% 7
\BOOKMARK [3][-]{subsubsection.2.3.3}{\376\377\000D\000e\000t\000e\000r\000m\000i\000n\000a\000r\000\040\000a\000l\000t\000u\000r\000a\000\040\000d\000e\000l\000\040\000s\000o\000p\000o\000r\000t\000e\000\040\000s\000u\000p\000e\000r\000i\000o\000r}{subsection.2.3}% 8
\BOOKMARK [3][-]{subsubsection.2.3.4}{\376\377\000R\000e\000s\000t\000r\000i\000c\000c\000i\000o\000n\000e\000s\000\040\000d\000e\000\040\000r\000e\000s\000i\000s\000t\000e\000n\000c\000i\000a}{subsection.2.3}% 9
\BOOKMARK [1][-]{section.3}{\376\377\000P\000r\000e\000s\000e\000n\000t\000a\000c\000i\000\363\000n\000\040\000d\000e\000\040\000R\000e\000s\000u\000l\000t\000a\000d\000o\000s}{}% 10
\BOOKMARK [2][-]{subsection.3.1}{\376\377\000P\000r\000o\000b\000l\000e\000m\000a\000\040\0001\000\040\000b\000.\0001}{section.3}% 11
\BOOKMARK [3][-]{subsubsection.3.1.1}{\376\377\000N\000u\000m\000e\000r\000a\000c\000i\000\363\000n\000\040\000d\000e\000\040\000n\000o\000d\000o\000s\000\040\000y\000\040\000e\000l\000e\000m\000e\000n\000t\000o\000s}{subsection.3.1}% 12
\BOOKMARK [3][-]{subsubsection.3.1.2}{\376\377\000R\000e\000s\000u\000l\000t\000a\000d\000o\000s\000\040\000m\000a\000t\000r\000i\000c\000e\000s\000\040\000r\000e\000s\000u\000e\000l\000t\000a\000s\000:}{subsection.3.1}% 13
\BOOKMARK [2][-]{subsection.3.2}{\376\377\000P\000r\000o\000b\000l\000e\000m\000a\000\040\0001\000\040\000b\000.\0002}{section.3}% 14
\BOOKMARK [3][-]{subsubsection.3.2.1}{\376\377\000N\000u\000m\000e\000r\000a\000c\000i\000\363\000n\000\040\000d\000e\000\040\000n\000o\000d\000o\000s\000\040\000y\000\040\000e\000l\000e\000m\000e\000n\000t\000o\000s}{subsection.3.2}% 15
\BOOKMARK [3][-]{subsubsection.3.2.2}{\376\377\000R\000e\000s\000u\000l\000t\000a\000d\000o\000s\000\040\000m\000a\000t\000r\000i\000c\000e\000s\000\040\000r\000e\000s\000u\000e\000l\000t\000a\000s\000:}{subsection.3.2}% 16
\BOOKMARK [2][-]{subsection.3.3}{\376\377\000P\000r\000o\000b\000l\000e\000m\000a\000\040\0002\000\040\000b\000.\0001}{section.3}% 17
\BOOKMARK [3][-]{subsubsection.3.3.1}{\376\377\000N\000u\000m\000e\000r\000a\000c\000i\000\363\000n\000\040\000d\000e\000\040\000n\000o\000d\000o\000s\000\040\000y\000\040\000e\000l\000e\000m\000e\000n\000t\000o\000s}{subsection.3.3}% 18
\BOOKMARK [3][-]{subsubsection.3.3.2}{\376\377\000R\000e\000s\000u\000l\000t\000a\000d\000o\000s\000\040\000m\000a\000t\000r\000i\000c\000e\000s\000\040\000r\000e\000s\000u\000e\000l\000t\000a\000s\000:}{subsection.3.3}% 19
\BOOKMARK [2][-]{subsection.3.4}{\376\377\000P\000r\000o\000b\000l\000e\000m\000a\000\040\0002\000\040\000b\000.\0002}{section.3}% 20
\BOOKMARK [3][-]{subsubsection.3.4.1}{\376\377\000N\000u\000m\000e\000r\000a\000c\000i\000\363\000n\000\040\000d\000e\000\040\000n\000o\000d\000o\000s\000\040\000y\000\040\000e\000l\000e\000m\000e\000n\000t\000o\000s}{subsection.3.4}% 21
\BOOKMARK [3][-]{subsubsection.3.4.2}{\376\377\000R\000e\000s\000u\000l\000t\000a\000d\000o\000s\000\040\000m\000a\000t\000r\000i\000c\000e\000s\000\040\000r\000e\000s\000u\000e\000l\000t\000a\000s\000:}{subsection.3.4}% 22
\BOOKMARK [2][-]{subsection.3.5}{\376\377\000P\000r\000o\000b\000l\000e\000m\000a\000\040\0003}{section.3}% 23
\BOOKMARK [3][-]{subsubsection.3.5.1}{\376\377\000N\000u\000m\000e\000r\000a\000c\000i\000\363\000n\000\040\000d\000e\000\040\000n\000o\000d\000o\000s\000\040\000y\000\040\000e\000l\000e\000m\000e\000n\000t\000o\000s}{subsection.3.5}% 24
\BOOKMARK [1][-]{section.4}{\376\377\000A\000n\000\341\000l\000i\000s\000i\000s\000\040\000d\000e\000\040\000R\000e\000s\000u\000l\000t\000a\000d\000o\000s}{}% 25
\BOOKMARK [2][-]{subsection.4.1}{\376\377\000P\000r\000o\000b\000l\000e\000m\000a\000\040\0001}{section.4}% 26
\BOOKMARK [2][-]{subsection.4.2}{\376\377\000P\000r\000o\000b\000l\000e\000m\000a\000\040\0002}{section.4}% 27
\BOOKMARK [2][-]{subsection.4.3}{\376\377\000P\000r\000o\000b\000l\000e\000m\000a\000\040\0003}{section.4}% 28
\BOOKMARK [1][-]{section.5}{\376\377\000C\000o\000n\000c\000l\000u\000s\000i\000\363\000n}{}% 29
\BOOKMARK [1][-]{section.6}{\376\377\000D\000e\000c\000l\000a\000r\000a\000c\000i\000\363\000n\000\040\000u\000s\000o\000\040\000I\000A}{}% 30
\BOOKMARK [1][-]{section.7}{\376\377\000B\000i\000b\000l\000i\000o\000g\000r\000a\000f\000\355\000a}{}% 31
